Analyzing rab_booking...                                        

   info - Unnecessary braces in a string interpolation - lib\core\config\env_config.dart:35:29 - unnecessary_brace_in_string_interps
   info - Unnecessary braces in a string interpolation - lib\core\config\env_config.dart:36:32 - unnecessary_brace_in_string_interps
   info - Unnecessary braces in a string interpolation - lib\core\config\env_config.dart:37:33 - unnecessary_brace_in_string_interps
   info - Don't invoke 'print' in production code - lib\core\config\env_config.dart:251:5 - avoid_print
   info - Don't invoke 'print' in production code - lib\core\config\env_config.dart:252:5 - avoid_print
   info - Don't invoke 'print' in production code - lib\core\config\env_config.dart:253:5 - avoid_print
   info - Don't invoke 'print' in production code - lib\core\config\env_config.dart:254:5 - avoid_print
   info - Don't invoke 'print' in production code - lib\core\config\env_config.dart:257:7 - avoid_print
   info - Don't invoke 'print' in production code - lib\core\config\env_config.dart:260:5 - avoid_print
   info - Don't invoke 'print' in production code - lib\core\config\env_config.dart:261:5 - avoid_print
  error - Undefined name 'authStateNotifierProvider' - lib\core\config\router.dart:28:31 - undefined_identifier
  error - Undefined name 'authStateNotifierProvider' - lib\core\config\router.dart:32:14 - undefined_identifier
  error - The argument type 'Object?' can't be assigned to the parameter type 'AuthState'.  - lib\core\config\router.dart:33:26 - argument_type_not_assignable
warning - The declaration '_slideUpTransition' isn't referenced - lib\core\config\router.dart:353:8 - unused_element
warning - The declaration '_scaleTransition' isn't referenced - lib\core\config\router.dart:374:8 - unused_element
   info - Dangling library doc comment - lib\core\errors\error_handling_examples.dart:3:1 - dangling_library_doc_comments
   info - Angle brackets will be interpreted as HTML - lib\core\errors\error_handling_examples.dart:21:49 - unintended_html_in_doc_comment
warning - Unnecessary cast - lib\core\errors\error_handling_examples.dart:33:22 - unnecessary_cast
  error - Classes can only extend other classes - lib\core\errors\error_handling_examples.dart:114:41 - extends_non_class
warning - The method doesn't override an inherited method - lib\core\errors\error_handling_examples.dart:116:38 - override_on_non_overriding_member
  error - Undefined name 'state' - lib\core\errors\error_handling_examples.dart:138:5 - undefined_identifier
  error - Undefined name 'state' - lib\core\errors\error_handling_examples.dart:139:5 - undefined_identifier
   info - Use 'const' with the constructor to improve performance - lib\core\errors\error_handling_examples.dart:191:15 - prefer_const_constructors
  error - 'ExamplePropertiesNotifier' doesn't conform to the bound 'AsyncNotifier<List<Map<String, dynamic>>>' of the type parameter 'NotifierT' - lib\core\errors\error_handling_examples.dart:286:39 - type_argument_not_matching_bounds
   info - Parameters ''message' and 'details'' could be super parameters - lib\core\exceptions\app_exceptions.dart:43:9 - use_super_parameters
   info - Parameters ''message' and 'details'' could be super parameters - lib\core\exceptions\app_exceptions.dart:89:9 - use_super_parameters
   info - Parameters ''message' and 'details'' could be super parameters - lib\core\exceptions\app_exceptions.dart:151:9 - use_super_parameters
  error - Undefined class 'IsAuthenticatedRef' - lib\core\providers\auth_state_provider.dart:144:22 - undefined_class
  error - Undefined name 'authStateNotifierProvider' - lib\core\providers\auth_state_provider.dart:145:20 - undefined_identifier
  error - Undefined class 'CurrentUserRef' - lib\core\providers\auth_state_provider.dart:150:19 - undefined_class
  error - Undefined name 'authStateNotifierProvider' - lib\core\providers\auth_state_provider.dart:151:20 - undefined_identifier
  error - Undefined class 'CurrentUserRoleRef' - lib\core\providers\auth_state_provider.dart:156:27 - undefined_class
  error - Undefined name 'authStateNotifierProvider' - lib\core\providers\auth_state_provider.dart:157:20 - undefined_identifier
  error - Undefined class 'IsOwnerOrAdminRef' - lib\core\providers\auth_state_provider.dart:162:21 - undefined_class
   info - Unnecessary use of string interpolation - lib\core\utils\performance_tracker.dart:126:16 - unnecessary_string_interpolations
   info - Unnecessary use of string interpolation - lib\core\utils\performance_tracker.dart:142:16 - unnecessary_string_interpolations
   info - Use 'const' with the constructor to improve performance - lib\core\utils\result.dart:59:16 - prefer_const_constructors
   info - Use 'const' with the constructor to improve performance - lib\core\utils\result.dart:59:24 - prefer_const_constructors
   info - Use 'const' with the constructor to improve performance - lib\core\utils\result.dart:75:16 - prefer_const_constructors
   info - Use 'const' with the constructor to improve performance - lib\core\utils\result.dart:75:24 - prefer_const_constructors
   info - Don't invoke 'print' in production code - lib\features\auth\data\auth_repository.dart:84:7 - avoid_print
warning - Unnecessary cast - lib\features\auth\data\auth_repository.dart:162:14 - unnecessary_cast
  error - Undefined class 'AuthRepositoryRef' - lib\features\auth\data\auth_repository.dart:199:31 - undefined_class
   info - The imported package 'gotrue' isn't a dependency of the importing package - lib\features\auth\presentation\providers\auth_notifier.dart:4:8 - depend_on_referenced_packages
   info - Don't invoke 'print' in production code - lib\features\auth\presentation\providers\auth_notifier.dart:106:7 - avoid_print
  error - Undefined name 'authNotifierProvider' - lib\features\auth\presentation\screens\login_screen.dart:40:22 - undefined_identifier
  error - Undefined name 'authNotifierProvider' - lib\features\auth\presentation\screens\login_screen.dart:50:38 - undefined_identifier
  error - Undefined name 'authNotifierProvider' - lib\features\auth\presentation\screens\login_screen.dart:67:36 - undefined_identifier
  error - Undefined name 'authNotifierProvider' - lib\features\auth\presentation\screens\login_screen.dart:80:22 - undefined_identifier
  error - Undefined name 'authNotifierProvider' - lib\features\auth\presentation\screens\login_screen.dart:95:33 - undefined_identifier
   info - Use 'const' with the constructor to improve performance - lib\features\auth\presentation\screens\register_screen.dart:14:12 - prefer_const_constructors
   info - Use relative imports for files in the 'lib' directory - lib\features\booking\data\repositories\user_bookings_repository.dart:3:8 - prefer_relative_imports
   info - Use relative imports for files in the 'lib' directory - lib\features\booking\data\repositories\user_bookings_repository.dart:4:8 - prefer_relative_imports
  error - Undefined class 'UserBookingsRepositoryRef' - lib\features\booking\data\repositories\user_bookings_repository.dart:9:47 - undefined_class
  error - Missing concrete implementations of 'getter mixin _$DateRange on Object.end' and 'getter mixin _$DateRange on Object.start' - lib\features\booking\domain\models\date_range.dart:7:7 - non_abstract_class_inherits_abstract_member
   info - Use relative imports for files in the 'lib' directory - lib\features\booking\domain\models\user_booking.dart:1:8 - prefer_relative_imports
warning - Unused import: '../../../property/data/repositories/property_details_repository.dart' - lib\features\booking\presentation\providers\booking_calendar_notifier.dart:4:8 - unused_import
  error - Missing concrete implementations of 'getter mixin _$BookingFlowState on Object.advanceAmount', 'getter mixin _$BookingFlowState on Object.basePrice', 'getter mixin _$BookingFlowState on Object.bookingId', 'getter mixin _$BookingFlowState on Object.checkInDate', and 15 more - lib\features\booking\presentation\providers\booking_flow_notifier.dart:11:7 - non_abstract_class_inherits_abstract_member
   info - Use relative imports for files in the 'lib' directory - lib\features\booking\presentation\providers\user_bookings_provider.dart:2:8 - prefer_relative_imports
   info - Use relative imports for files in the 'lib' directory - lib\features\booking\presentation\providers\user_bookings_provider.dart:3:8 - prefer_relative_imports
  error - Undefined class 'UpcomingBookingsRef' - lib\features\booking\presentation\providers\user_bookings_provider.dart:31:44 - undefined_class
  error - Undefined class 'PastBookingsRef' - lib\features\booking\presentation\providers\user_bookings_provider.dart:37:40 - undefined_class
  error - Undefined class 'CancelledBookingsRef' - lib\features\booking\presentation\providers\user_bookings_provider.dart:43:45 - undefined_class
  error - Undefined class 'BookingDetailsRef' - lib\features\booking\presentation\providers\user_bookings_provider.dart:50:3 - undefined_class
   info - Use relative imports for files in the 'lib' directory - lib\features\booking\presentation\screens\booking_detail_screen.dart:5:8 - prefer_relative_imports
   info - Use relative imports for files in the 'lib' directory - lib\features\booking\presentation\screens\booking_detail_screen.dart:6:8 - prefer_relative_imports
warning - The value of the local variable 'timeFormat' isn't used - lib\features\booking\presentation\screens\booking_detail_screen.dart:27:17 - unused_local_variable
   info - 'withOpacity' is deprecated and shouldn't be used. Use .withValues() to avoid precision loss - lib\features\booking\presentation\screens\booking_detail_screen.dart:162:65 - deprecated_member_use
  error - Undefined name 'bookingFlowNotifierProvider' - lib\features\booking\presentation\screens\booking_review_screen.dart:44:34 - undefined_identifier
  error - Undefined name 'bookingFlowNotifierProvider' - lib\features\booking\presentation\screens\booking_review_screen.dart:45:28 - undefined_identifier
  error - Undefined name 'authNotifierProvider' - lib\features\booking\presentation\screens\booking_review_screen.dart:46:32 - undefined_identifier
  error - Undefined name 'bookingFlowNotifierProvider' - lib\features\booking\presentation\screens\booking_review_screen.dart:120:35 - undefined_identifier
   info - Use relative imports for files in the 'lib' directory - lib\features\booking\presentation\screens\user_bookings_screen.dart:4:8 - prefer_relative_imports
   info - Use relative imports for files in the 'lib' directory - lib\features\booking\presentation\screens\user_bookings_screen.dart:5:8 - prefer_relative_imports
warning - The value of 'refresh' should be used - lib\features\booking\presentation\screens\user_bookings_screen.dart:98:23 - unused_result
warning - The value of 'refresh' should be used - lib\features\booking\presentation\screens\user_bookings_screen.dart:163:23 - unused_result
warning - The value of 'refresh' should be used - lib\features\booking\presentation\screens\user_bookings_screen.dart:228:23 - unused_result
  error - The method 'bookingCalendarNotifierProvider' isn't defined for the type '_BookingCalendarWidgetState' - lib\features\booking\presentation\widgets\booking_calendar_widget.dart:33:7 - undefined_method
warning - The value of the local variable 'isMobile' isn't used - lib\features\booking\presentation\widgets\booking_calendar_widget.dart:36:11 - unused_local_variable
  error - The method 'bookingCalendarNotifierProvider' isn't defined for the type '_BookingCalendarWidgetState' - lib\features\booking\presentation\widgets\booking_calendar_widget.dart:56:31 - undefined_method
  error - The method 'bookingCalendarNotifierProvider' isn't defined for the type '_BookingCalendarWidgetState' - lib\features\booking\presentation\widgets\booking_calendar_widget.dart:96:17 - undefined_method
  error - The method 'bookingCalendarNotifierProvider' isn't defined for the type '_BookingCalendarWidgetState' - lib\features\booking\presentation\widgets\booking_calendar_widget.dart:106:17 - undefined_method
   info - Use 'const' with the constructor to improve performance - lib\features\booking\presentation\widgets\booking_calendar_widget.dart:150:28 - prefer_const_constructors
   info - 'withOpacity' is deprecated and shouldn't be used. Use .withValues() to avoid precision loss - lib\features\booking\presentation\widgets\booking_calendar_widget.dart:255:43 - deprecated_member_use
   info - 'withOpacity' is deprecated and shouldn't be used. Use .withValues() to avoid precision loss - lib\features\booking\presentation\widgets\booking_calendar_widget.dart:278:43 - deprecated_member_use
   info - 'withOpacity' is deprecated and shouldn't be used. Use .withValues() to avoid precision loss - lib\features\booking\presentation\widgets\booking_calendar_widget.dart:349:45 - deprecated_member_use
   info - 'withOpacity' is deprecated and shouldn't be used. Use .withValues() to avoid precision loss - lib\features\booking\presentation\widgets\booking_calendar_widget.dart:353:45 - deprecated_member_use
   info - 'withOpacity' is deprecated and shouldn't be used. Use .withValues() to avoid precision loss - lib\features\booking\presentation\widgets\booking_calendar_widget.dart:394:49 - deprecated_member_use
   info - Use relative imports for files in the 'lib' directory - lib\features\booking\presentation\widgets\booking_card.dart:3:8 - prefer_relative_imports
   info - Use relative imports for files in the 'lib' directory - lib\features\booking\presentation\widgets\booking_card.dart:4:8 - prefer_relative_imports
  error - Undefined class 'FeaturedPropertiesRef' - lib\features\home\presentation\providers\featured_properties_provider.dart:11:5 - undefined_class
warning - The value of the local variable 'heroHeight' isn't used - lib\features\home\presentation\screens\home_screen.dart:44:11 - unused_local_variable
  error - Missing concrete implementations of 'getter mixin _$SearchFormState on Object implements DiagnosticableTreeMixin.adults', 'getter mixin _$SearchFormState on Object implements DiagnosticableTreeMixin.checkInDate', 'getter mixin _$SearchFormState on Object implements DiagnosticableTreeMixin.checkOutDate', 'getter mixin _$SearchFormState on Object implements DiagnosticableTreeMixin.children', and 7 more - lib\features\home\presentation\state\search_form_state.dart:8:7 - non_abstract_class_inherits_abstract_member
  error - Undefined name 'searchFormNotifierProvider' - lib\features\home\presentation\widgets\guest_selector_sheet.dart:11:33 - undefined_identifier
  error - Undefined name 'searchFormNotifierProvider' - lib\features\home\presentation\widgets\guest_selector_sheet.dart:12:35 - undefined_identifier
   info - 'withOpacity' is deprecated and shouldn't be used. Use .withValues() to avoid precision loss - lib\features\home\presentation\widgets\hero_section_widget.dart:51:32 - deprecated_member_use
   info - 'withOpacity' is deprecated and shouldn't be used. Use .withValues() to avoid precision loss - lib\features\home\presentation\widgets\hero_section_widget.dart:52:32 - deprecated_member_use
   info - 'withOpacity' is deprecated and shouldn't be used. Use .withValues() to avoid precision loss - lib\features\home\presentation\widgets\hero_section_widget.dart:80:47 - deprecated_member_use
   info - 'withOpacity' is deprecated and shouldn't be used. Use .withValues() to avoid precision loss - lib\features\home\presentation\widgets\hero_section_widget.dart:93:43 - deprecated_member_use
   info - 'withOpacity' is deprecated and shouldn't be used. Use .withValues() to avoid precision loss - lib\features\home\presentation\widgets\hero_section_widget.dart:97:47 - deprecated_member_use
   info - 'withOpacity' is deprecated and shouldn't be used. Use .withValues() to avoid precision loss - lib\features\home\presentation\widgets\property_card_widget.dart:106:46 - deprecated_member_use
   info - 'withOpacity' is deprecated and shouldn't be used. Use .withValues() to avoid precision loss - lib\features\home\presentation\widgets\property_card_widget.dart:128:55 - deprecated_member_use
   info - 'withOpacity' is deprecated and shouldn't be used. Use .withValues() to avoid precision loss - lib\features\home\presentation\widgets\property_card_widget.dart:263:47 - deprecated_member_use
  error - Undefined name 'searchFormNotifierProvider' - lib\features\home\presentation\widgets\search_bar_widget.dart:19:33 - undefined_identifier
   info - 'withOpacity' is deprecated and shouldn't be used. Use .withValues() to avoid precision loss - lib\features\home\presentation\widgets\search_bar_widget.dart:32:39 - deprecated_member_use
  error - Undefined name 'searchFormNotifierProvider' - lib\features\home\presentation\widgets\search_bar_widget.dart:118:16 - undefined_identifier
  error - Undefined name 'searchFormNotifierProvider' - lib\features\home\presentation\widgets\search_bar_widget.dart:166:17 - undefined_identifier
warning - Unnecessary cast - lib\features\owner_dashboard\data\owner_properties_repository.dart:60:37 - unnecessary_cast
warning - Unnecessary cast - lib\features\owner_dashboard\data\owner_properties_repository.dart:101:39 - unnecessary_cast
warning - Unnecessary cast - lib\features\owner_dashboard\data\owner_properties_repository.dart:236:36 - unnecessary_cast
warning - Unnecessary cast - lib\features\owner_dashboard\data\owner_properties_repository.dart:285:38 - unnecessary_cast
  error - Undefined class 'OwnerPropertiesRepositoryRef' - lib\features\owner_dashboard\data\owner_properties_repository.dart:320:3 - undefined_class
  error - Undefined class 'OwnerPropertiesRef' - lib\features\owner_dashboard\presentation\providers\owner_properties_provider.dart:10:45 - undefined_class
  error - Undefined name 'authNotifierProvider' - lib\features\owner_dashboard\presentation\providers\owner_properties_provider.dart:11:31 - undefined_identifier
  error - Undefined class 'OwnerPropertiesCountRef' - lib\features\owner_dashboard\presentation\providers\owner_properties_provider.dart:24:34 - undefined_class
warning - Unnecessary cast - lib\features\payment\data\payment_service.dart:104:37 - unnecessary_cast
   info - Don't invoke 'print' in production code - lib\features\payment\data\payment_service.dart:136:7 - avoid_print
  error - Undefined class 'PaymentServiceRef' - lib\features\payment\data\payment_service.dart:176:31 - undefined_class
  error - Missing concrete implementations of 'getter mixin _$PaymentIntentModel on Object.amount', 'getter mixin _$PaymentIntentModel on Object.bookingId', 'getter mixin _$PaymentIntentModel on Object.clientSecret', 'getter mixin _$PaymentIntentModel on Object.currency', and 2 more - lib\features\payment\domain\models\payment_intent_model.dart:8:7 - non_abstract_class_inherits_abstract_member
  error - Missing concrete implementations of 'getter mixin _$PaymentRecord on Object.amount', 'getter mixin _$PaymentRecord on Object.bookingId', 'getter mixin _$PaymentRecord on Object.createdAt', 'getter mixin _$PaymentRecord on Object.currency', and 8 more - lib\features\payment\domain\models\payment_record.dart:8:7 - non_abstract_class_inherits_abstract_member
  error - Missing concrete implementations of 'getter mixin _$PaymentState on Object.error', 'getter mixin _$PaymentState on Object.isFailed', 'getter mixin _$PaymentState on Object.isProcessing', 'getter mixin _$PaymentState on Object.isSuccess', and 3 more - lib\features\payment\presentation\providers\payment_notifier.dart:13:7 - non_abstract_class_inherits_abstract_member
warning - The value of the field '_cardDetails' isn't used - lib\features\payment\presentation\screens\payment_screen.dart:23:26 - unused_field
  error - Undefined name 'bookingFlowNotifierProvider' - lib\features\payment\presentation\screens\payment_screen.dart:36:34 - undefined_identifier
  error - Undefined name 'paymentNotifierProvider' - lib\features\payment\presentation\screens\payment_screen.dart:55:22 - undefined_identifier
  error - Undefined name 'bookingFlowNotifierProvider' - lib\features\payment\presentation\screens\payment_screen.dart:83:34 - undefined_identifier
  error - Undefined name 'paymentNotifierProvider' - lib\features\payment\presentation\screens\payment_screen.dart:96:22 - undefined_identifier
  error - Undefined name 'paymentNotifierProvider' - lib\features\payment\presentation\screens\payment_screen.dart:102:37 - undefined_identifier
  error - Undefined name 'bookingFlowNotifierProvider' - lib\features\payment\presentation\screens\payment_screen.dart:133:35 - undefined_identifier
  error - Undefined name 'paymentNotifierProvider' - lib\features\payment\presentation\screens\payment_screen.dart:134:36 - undefined_identifier
  error - 'Card' isn't a function - lib\features\payment\presentation\screens\payment_screen.dart:153:23 - invocation_of_non_function
  error - The name 'Card' is defined in the libraries 'package:flutter/src/material/card.dart (via package:flutter/material.dart)' and 'package:stripe_platform_interface/src/models/payment_methods.dart (via package:flutter_stripe/flutter_stripe.dart)' - lib\features\payment\presentation\screens\payment_screen.dart:153:23 - ambiguous_import
  error - The method 'CardFieldInputStyle' isn't defined for the type '_PaymentScreenState' - lib\features\payment\presentation\screens\payment_screen.dart:214:34 - undefined_method
  error - 'Card' isn't a function - lib\features\payment\presentation\screens\payment_screen.dart:334:12 - invocation_of_non_function
  error - The name 'Card' is defined in the libraries 'package:flutter/src/material/card.dart (via package:flutter/material.dart)' and 'package:stripe_platform_interface/src/models/payment_methods.dart (via package:flutter_stripe/flutter_stripe.dart)' - lib\features\payment\presentation\screens\payment_screen.dart:334:12 - ambiguous_import
  error - Undefined name 'bookingFlowNotifierProvider' - lib\features\payment\presentation\screens\payment_success_screen.dart:80:35 - undefined_identifier
warning - Unnecessary cast - lib\features\property\data\repositories\property_details_repository.dart:24:37 - unnecessary_cast
  error - Undefined class 'PropertyDetailsRepositoryRef' - lib\features\property\data\repositories\property_details_repository.dart:148:5 - undefined_class
  error - Missing concrete implementations of 'getter mixin _$PropertyUnit on Object.amenities', 'getter mixin _$PropertyUnit on Object.area', 'getter mixin _$PropertyUnit on Object.bathrooms', 'getter mixin _$PropertyUnit on Object.bedrooms', and 14 more - lib\features\property\domain\models\property_unit.dart:8:7 - non_abstract_class_inherits_abstract_member
  error - Undefined class 'PropertyDetailsRef' - lib\features\property\presentation\providers\property_details_provider.dart:11:3 - undefined_class
  error - Undefined class 'PropertyUnitsRef' - lib\features\property\presentation\providers\property_details_provider.dart:21:3 - undefined_class
  error - Undefined class 'BookingCalculationRef' - lib\features\property\presentation\providers\property_details_provider.dart:105:3 - undefined_class
  error - Undefined name 'selectedDatesNotifierProvider' - lib\features\property\presentation\providers\property_details_provider.dart:108:27 - undefined_identifier
  error - Undefined name 'selectedGuestsNotifierProvider' - lib\features\property\presentation\providers\property_details_provider.dart:109:28 - undefined_identifier
  error - Undefined class 'BlockedDatesRef' - lib\features\property\presentation\providers\property_details_provider.dart:126:3 - undefined_class
  error - Undefined class 'UnitAvailabilityRef' - lib\features\property\presentation\providers\property_details_provider.dart:136:3 - undefined_class
  error - Undefined name 'selectedDatesNotifierProvider' - lib\features\property\presentation\providers\property_details_provider.dart:139:27 - undefined_identifier
   info - The private field _focusedDay could be 'final' - lib\features\property\presentation\widgets\booking_widget.dart:23:12 - prefer_final_fields
warning - The value of the field '_focusedDay' isn't used - lib\features\property\presentation\widgets\booking_widget.dart:23:12 - unused_field
  error - Undefined name 'selectedDatesNotifierProvider' - lib\features\property\presentation\widgets\booking_widget.dart:27:37 - undefined_identifier
  error - Undefined name 'selectedGuestsNotifierProvider' - lib\features\property\presentation\widgets\booking_widget.dart:28:38 - undefined_identifier
   info - 'withOpacity' is deprecated and shouldn't be used. Use .withValues() to avoid precision loss - lib\features\property\presentation\widgets\booking_widget.dart:43:33 - deprecated_member_use
  error - Undefined name 'selectedDatesNotifierProvider' - lib\features\property\presentation\widgets\booking_widget.dart:71:31 - undefined_identifier
  error - Undefined name 'selectedDatesNotifierProvider' - lib\features\property\presentation\widgets\booking_widget.dart:75:31 - undefined_identifier
  error - Undefined name 'selectedGuestsNotifierProvider' - lib\features\property\presentation\widgets\booking_widget.dart:265:38 - undefined_identifier
  error - Undefined name 'selectedGuestsNotifierProvider' - lib\features\property\presentation\widgets\booking_widget.dart:272:38 - undefined_identifier
   info - Use 'const' with the constructor to improve performance - lib\features\property\presentation\widgets\host_info.dart:117:11 - prefer_const_constructors
   info - Use 'const' literals as arguments to constructors of '@immutable' classes - lib\features\property\presentation\widgets\host_info.dart:118:23 - prefer_const_literals_to_create_immutables
   info - Use 'const' with the constructor to improve performance - lib\features\property\presentation\widgets\host_info.dart:119:15 - prefer_const_constructors
   info - Use 'const' with the constructor to improve performance - lib\features\property\presentation\widgets\host_info.dart:120:24 - prefer_const_constructors
   info - Use 'const' with the constructor to improve performance - lib\features\property\presentation\widgets\host_info.dart:126:15 - prefer_const_constructors
   info - Use 'const' with the constructor to improve performance - lib\features\property\presentation\widgets\host_info.dart:127:24 - prefer_const_constructors
   info - Use 'const' with the constructor to improve performance - lib\features\property\presentation\widgets\host_info.dart:133:15 - prefer_const_constructors
   info - Use 'const' with the constructor to improve performance - lib\features\property\presentation\widgets\host_info.dart:134:24 - prefer_const_constructors
warning - Unused import: '../../../../features/search/domain/models/search_filters.dart' - lib\features\property\presentation\widgets\property_info_section.dart:3:8 - unused_import
   info - Use 'const' with the constructor to improve performance - lib\features\property\presentation\widgets\property_info_section.dart:83:9 - prefer_const_constructors
   info - Use 'const' literals as arguments to constructors of '@immutable' classes - lib\features\property\presentation\widgets\property_info_section.dart:86:21 - prefer_const_literals_to_create_immutables
   info - Use 'const' with the constructor to improve performance - lib\features\property\presentation\widgets\property_info_section.dart:87:13 - prefer_const_constructors
   info - Use 'const' with the constructor to improve performance - lib\features\property\presentation\widgets\property_info_section.dart:92:13 - prefer_const_constructors
   info - Use 'const' with the constructor to improve performance - lib\features\property\presentation\widgets\property_info_section.dart:97:13 - prefer_const_constructors
   info - Use 'const' with the constructor to improve performance - lib\features\property\presentation\widgets\property_info_section.dart:102:13 - prefer_const_constructors
warning - The operand can't be 'null', so the condition is always 'true' - lib\features\property\presentation\widgets\property_info_section.dart:123:41 - unnecessary_null_comparison
warning - The '!' will have no effect because the receiver can't be null - lib\features\property\presentation\widgets\property_info_section.dart:128:44 - unnecessary_non_null_assertion
warning - The '!' will have no effect because the receiver can't be null - lib\features\property\presentation\widgets\property_info_section.dart:138:46 - unnecessary_non_null_assertion
   info - Use 'const' with the constructor to improve performance - lib\features\property\presentation\widgets\reviews_section.dart:42:9 - prefer_const_constructors
   info - Use 'const' with the constructor to improve performance - lib\features\property\presentation\widgets\reviews_section.dart:44:9 - prefer_const_constructors
   info - Use 'const' with the constructor to improve performance - lib\features\property\presentation\widgets\reviews_section.dart:46:9 - prefer_const_constructors
   info - Use 'const' with the constructor to improve performance - lib\features\property\presentation\widgets\reviews_section.dart:48:9 - prefer_const_constructors
   info - Use 'const' with the constructor to improve performance - lib\features\property\presentation\widgets\reviews_section.dart:50:9 - prefer_const_constructors
   info - Use 'const' with the constructor to improve performance - lib\features\property\presentation\widgets\reviews_section.dart:52:9 - prefer_const_constructors
   info - Use 'const' with the constructor to improve performance - lib\features\property\presentation\widgets\reviews_section.dart:65:9 - prefer_const_constructors
   info - Use 'const' with the constructor to improve performance - lib\features\property\presentation\widgets\reviews_section.dart:73:9 - prefer_const_constructors
   info - The argument type 'String' isn't related to 'PropertyAmenity' - lib\features\search\data\repositories\property_search_repository.dart:73:54 - collection_methods_unrelated_type
warning - The value of the local variable 'descLower' isn't used - lib\features\search\data\repositories\property_search_repository.dart:82:17 - unused_local_variable
warning - The receiver can't be null, so the null-aware operator '?.' is unnecessary - lib\features\search\data\repositories\property_search_repository.dart:82:49 - invalid_null_aware_operator
warning - Unnecessary cast - lib\features\search\data\repositories\property_search_repository.dart:117:37 - unnecessary_cast
  error - Undefined class 'PropertySearchRepositoryRef' - lib\features\search\data\repositories\property_search_repository.dart:146:5 - undefined_class
  error - Missing concrete implementations of 'getter mixin _$SearchFilters on Object.amenities', 'getter mixin _$SearchFilters on Object.checkIn', 'getter mixin _$SearchFilters on Object.checkOut', 'getter mixin _$SearchFilters on Object.guests', and 10 more - lib\features\search\domain\models\search_filters.dart:8:7 - non_abstract_class_inherits_abstract_member
  error - Undefined class 'SearchResultsRef' - lib\features\search\presentation\providers\search_results_provider.dart:10:43 - undefined_class
  error - Undefined name 'searchFiltersNotifierProvider' - lib\features\search\presentation\providers\search_results_provider.dart:11:29 - undefined_identifier
  error - Undefined class 'SearchResultsCountRef' - lib\features\search\presentation\providers\search_results_provider.dart:19:32 - undefined_class
  error - Undefined name 'searchFiltersNotifierProvider' - lib\features\search\presentation\screens\search_results_screen.dart:47:31 - undefined_identifier
  error - Undefined name 'searchFiltersNotifierProvider' - lib\features\search\presentation\screens\search_results_screen.dart:90:31 - undefined_identifier
  error - Undefined name 'searchFiltersNotifierProvider' - lib\features\search\presentation\screens\search_results_screen.dart:99:31 - undefined_identifier
  error - Undefined name 'searchViewModeNotifierProvider' - lib\features\search\presentation\screens\search_results_screen.dart:100:32 - undefined_identifier
  error - Undefined name 'searchViewModeNotifierProvider' - lib\features\search\presentation\screens\search_results_screen.dart:118:24 - undefined_identifier
  error - Undefined name 'searchFiltersNotifierProvider' - lib\features\search\presentation\screens\search_results_screen.dart:130:24 - undefined_identifier
  error - Undefined name 'searchFiltersNotifierProvider' - lib\features\search\presentation\screens\search_results_screen.dart:442:26 - undefined_identifier
  error - Undefined name 'searchFiltersNotifierProvider' - lib\features\search\presentation\widgets\filter_panel_widget.dart:12:31 - undefined_identifier
  error - Undefined name 'searchFiltersNotifierProvider' - lib\features\search\presentation\widgets\filter_panel_widget.dart:13:31 - undefined_identifier
  error - Undefined name 'searchFiltersNotifierProvider' - lib\features\search\presentation\widgets\filter_panel_widget.dart:103:31 - undefined_identifier
  error - Undefined name 'searchFiltersNotifierProvider' - lib\features\search\presentation\widgets\filter_panel_widget.dart:159:31 - undefined_identifier
  error - Undefined name 'searchFiltersNotifierProvider' - lib\features\search\presentation\widgets\filter_panel_widget.dart:196:31 - undefined_identifier
  error - Undefined name 'searchFiltersNotifierProvider' - lib\features\search\presentation\widgets\filter_panel_widget.dart:231:31 - undefined_identifier
   info - Use 'const' with the constructor to improve performance - lib\features\search\presentation\widgets\filter_panel_widget.dart:246:13 - prefer_const_constructors
   info - Use 'const' with the constructor to improve performance - lib\features\search\presentation\widgets\filter_panel_widget.dart:247:22 - prefer_const_constructors
   info - Use 'const' with the constructor to improve performance - lib\features\search\presentation\widgets\filter_panel_widget.dart:269:13 - prefer_const_constructors
   info - Use 'const' with the constructor to improve performance - lib\features\search\presentation\widgets\filter_panel_widget.dart:270:22 - prefer_const_constructors
  error - Missing concrete implementations of 'getter mixin _$BookingModel on Object.cancellationReason', 'getter mixin _$BookingModel on Object.cancelledAt', 'getter mixin _$BookingModel on Object.checkIn', 'getter mixin _$BookingModel on Object.checkOut', and 12 more - lib\shared\models\booking_model.dart:9:7 - non_abstract_class_inherits_abstract_member
  error - Missing concrete implementations of 'getter mixin _$PropertyModel on Object.amenities', 'getter mixin _$PropertyModel on Object.coverImage', 'getter mixin _$PropertyModel on Object.createdAt', 'getter mixin _$PropertyModel on Object.description', and 12 more - lib\shared\models\property_model.dart:9:7 - non_abstract_class_inherits_abstract_member
  error - Missing concrete implementations of 'getter mixin _$UnitModel on Object.areaSqm', 'getter mixin _$UnitModel on Object.bathrooms', 'getter mixin _$UnitModel on Object.bedrooms', 'getter mixin _$UnitModel on Object.createdAt', and 11 more - lib\shared\models\unit_model.dart:8:7 - non_abstract_class_inherits_abstract_member
  error - Missing concrete implementations of 'getter mixin _$UserModel on Object.avatarUrl', 'getter mixin _$UserModel on Object.createdAt', 'getter mixin _$UserModel on Object.email', 'getter mixin _$UserModel on Object.firstName', and 6 more - lib\shared\models\user_model.dart:9:7 - non_abstract_class_inherits_abstract_member
   info - 'withOpacity' is deprecated and shouldn't be used. Use .withValues() to avoid precision loss - lib\shared\widgets\property_card.dart:210:42 - deprecated_member_use
   info - 'withOpacity' is deprecated and shouldn't be used. Use .withValues() to avoid precision loss - lib\shared\widgets\property_card.dart:262:47 - deprecated_member_use
   info - Dangling library doc comment - test\helpers\test_data_builders.dart:5:1 - dangling_library_doc_comments
   info - Dangling library doc comment - test\helpers\test_data_builders.dart:6:1 - dangling_library_doc_comments
  error - The name 'Override' isn't a type, so it can't be used as a type argument - test\helpers\test_helpers.dart:10:8 - non_type_as_type_argument
  error - The name 'Override' isn't a type, so it can't be used as a type argument - test\helpers\test_helpers.dart:27:8 - non_type_as_type_argument
warning - Unnecessary cast - test\unit\utils\result_test.dart:138:29 - unnecessary_cast

218 issues found. (ran in 44.9s)
